// Jest Snapshot v1, https://goo.gl/fbAQLP

exports[`TeamStatsTable Component matches snapshot 1`] = `
<DocumentFragment>
  <div
    class="container my-6 space-y-10"
  >
    <div
      class="relative overflow-hidden rounded-2xl border border-rink-border bg-gradient-to-br from-rink-800 to-rink-900 p-6 shadow-card sm:p-8"
    >
      <div
        class="flex flex-col items-center gap-5 sm:flex-row sm:items-center"
      >
        <span
          aria-label="Test Team logo"
          class="h-28 w-28 shrink-0 md:h-36 md:w-36 inline-flex items-center justify-center rounded-full bg-rink-700 font-display font-bold text-slate-200"
        >
          NHL
        </span>
        <div
          class="text-center sm:text-left"
        >
          <h1
            class="font-display text-3xl font-extrabold uppercase tracking-wide text-slate-100 md:text-5xl"
          >
            Test Team
          </h1>
        </div>
        <div
          class="grid grid-cols-3 gap-3 sm:ml-auto"
        >
          <div
            class="min-w-[72px] rounded-lg bg-rink-950/40 px-3 py-2 text-center"
          >
            <div
              class="font-display text-2xl font-bold text-ice"
            >
              1-1-1
            </div>
            <div
              class="text-[10px] font-semibold uppercase tracking-wide text-slate-400"
            >
              Record
            </div>
          </div>
          <div
            class="min-w-[72px] rounded-lg bg-rink-950/40 px-3 py-2 text-center"
          >
            <div
              class="font-display text-2xl font-bold text-ice"
            >
              1
            </div>
            <div
              class="text-[10px] font-semibold uppercase tracking-wide text-slate-400"
            >
              Points
            </div>
          </div>
          <div
            class="min-w-[72px] rounded-lg bg-rink-950/40 px-3 py-2 text-center"
          >
            <div
              class="font-display text-2xl font-bold text-ice"
            >
              1
            </div>
            <div
              class="text-[10px] font-semibold uppercase tracking-wide text-slate-400"
            >
              Games
            </div>
          </div>
        </div>
      </div>
    </div>
    <section>
      <h3
        class="mb-3 font-display text-xl font-bold uppercase tracking-wider text-slate-200"
      >
        Season Stats
      </h3>
      <div
        class="grid grid-cols-2 gap-3 sm:grid-cols-3 lg:grid-cols-4"
      >
        <div
          class="relative flex flex-col justify-center rounded-xl border border-rink-border bg-rink-800 px-4 py-3 shadow-card"
        >
          <span
            class="font-display text-2xl font-bold leading-none text-slate-100"
          >
            1
          </span>
          <span
            class="mt-1 text-[11px] font-semibold uppercase tracking-wide text-slate-400"
          >
            Games
          </span>
        </div>
        <div
          class="relative flex flex-col justify-center rounded-xl border border-rink-border bg-rink-800 px-4 py-3 shadow-card"
        >
          <span
            class="font-display text-2xl font-bold leading-none text-slate-100"
          >
            1
          </span>
          <span
            class="mt-1 text-[11px] font-semibold uppercase tracking-wide text-slate-400"
          >
            Wins
          </span>
        </div>
        <div
          class="relative flex flex-col justify-center rounded-xl border border-rink-border bg-rink-800 px-4 py-3 shadow-card"
        >
          <span
            class="font-display text-2xl font-bold leading-none text-slate-100"
          >
            1
          </span>
          <span
            class="mt-1 text-[11px] font-semibold uppercase tracking-wide text-slate-400"
          >
            Losses
          </span>
        </div>
        <div
          class="relative flex flex-col justify-center rounded-xl border border-rink-border bg-rink-800 px-4 py-3 shadow-card"
        >
          <span
            class="font-display text-2xl font-bold leading-none text-slate-100"
          >
            1
          </span>
          <span
            class="mt-1 text-[11px] font-semibold uppercase tracking-wide text-slate-400"
          >
            OT
          </span>
        </div>
        <div
          class="relative flex flex-col justify-center rounded-xl border border-rink-border bg-rink-800 px-4 py-3 shadow-card"
        >
          <span
            class="absolute right-2 top-2 rounded px-1.5 py-0.5 text-[10px] font-bold bg-rink-700 text-slate-400"
            title="League rank: 1"
          >
            #1
          </span>
          <span
            class="font-display text-2xl font-bold leading-none text-slate-100"
          >
            1
          </span>
          <span
            class="mt-1 text-[11px] font-semibold uppercase tracking-wide text-slate-400"
          >
            Points
          </span>
        </div>
        <div
          class="relative flex flex-col justify-center rounded-xl border border-rink-border bg-rink-800 px-4 py-3 shadow-card"
        >
          <span
            class="absolute right-2 top-2 rounded px-1.5 py-0.5 text-[10px] font-bold bg-rink-700 text-slate-400"
            title="League rank: 1"
          >
            #1
          </span>
          <span
            class="font-display text-2xl font-bold leading-none text-slate-100"
          >
            1
          </span>
          <span
            class="mt-1 text-[11px] font-semibold uppercase tracking-wide text-slate-400"
          >
            Goals / Game
          </span>
        </div>
        <div
          class="relative flex flex-col justify-center rounded-xl border border-rink-border bg-rink-800 px-4 py-3 shadow-card"
        >
          <span
            class="absolute right-2 top-2 rounded px-1.5 py-0.5 text-[10px] font-bold bg-rink-700 text-slate-400"
            title="League rank: 1"
          >
            #1
          </span>
          <span
            class="font-display text-2xl font-bold leading-none text-slate-100"
          >
            1
          </span>
          <span
            class="mt-1 text-[11px] font-semibold uppercase tracking-wide text-slate-400"
          >
            Goals Against / Game
          </span>
        </div>
        <div
          class="relative flex flex-col justify-center rounded-xl border border-rink-border bg-rink-800 px-4 py-3 shadow-card"
        >
          <span
            class="absolute right-2 top-2 rounded px-1.5 py-0.5 text-[10px] font-bold bg-rink-700 text-slate-400"
            title="League rank: 1"
          >
            #1
          </span>
          <span
            class="font-display text-2xl font-bold leading-none text-slate-100"
          >
            100.0%
          </span>
          <span
            class="mt-1 text-[11px] font-semibold uppercase tracking-wide text-slate-400"
          >
            Save %
          </span>
        </div>
        <div
          class="relative flex flex-col justify-center rounded-xl border border-rink-border bg-rink-800 px-4 py-3 shadow-card"
        >
          <span
            class="absolute right-2 top-2 rounded px-1.5 py-0.5 text-[10px] font-bold bg-rink-700 text-slate-400"
            title="League rank: 1"
          >
            #1
          </span>
          <span
            class="font-display text-2xl font-bold leading-none text-slate-100"
          >
            1
          </span>
          <span
            class="mt-1 text-[11px] font-semibold uppercase tracking-wide text-slate-400"
          >
            Shots / Game
          </span>
        </div>
        <div
          class="relative flex flex-col justify-center rounded-xl border border-rink-border bg-rink-800 px-4 py-3 shadow-card"
        >
          <span
            class="absolute right-2 top-2 rounded px-1.5 py-0.5 text-[10px] font-bold bg-rink-700 text-slate-400"
            title="League rank: 1"
          >
            #1
          </span>
          <span
            class="font-display text-2xl font-bold leading-none text-slate-100"
          >
            1
          </span>
          <span
            class="mt-1 text-[11px] font-semibold uppercase tracking-wide text-slate-400"
          >
            Shots Against
          </span>
        </div>
        <div
          class="relative flex flex-col justify-center rounded-xl border border-rink-border bg-rink-800 px-4 py-3 shadow-card"
        >
          <span
            class="absolute right-2 top-2 rounded px-1.5 py-0.5 text-[10px] font-bold bg-rink-700 text-slate-400"
            title="League rank: 1"
          >
            #1
          </span>
          <span
            class="font-display text-2xl font-bold leading-none text-slate-100"
          >
            2000.0%
          </span>
          <span
            class="mt-1 text-[11px] font-semibold uppercase tracking-wide text-slate-400"
          >
            Shooting %
          </span>
        </div>
        <div
          class="relative flex flex-col justify-center rounded-xl border border-rink-border bg-rink-800 px-4 py-3 shadow-card"
        >
          <span
            class="absolute right-2 top-2 rounded px-1.5 py-0.5 text-[10px] font-bold bg-rink-700 text-slate-400"
            title="League rank: 1"
          >
            #1
          </span>
          <span
            class="font-display text-2xl font-bold leading-none text-slate-100"
          >
            2000.0%
          </span>
          <span
            class="mt-1 text-[11px] font-semibold uppercase tracking-wide text-slate-400"
          >
            Faceoff %
          </span>
        </div>
      </div>
    </section>
    <section>
      <h3
        class="mb-3 font-display text-xl font-bold uppercase tracking-wider text-slate-200"
      >
        Roster
      </h3>
      <div
        class="rounded-xl border border-rink-border bg-rink-800 p-6 text-center text-slate-400"
      >
        Roster data unavailable.
      </div>
    </section>
    <section>
      <h3
        class="mb-3 font-display text-base font-bold uppercase tracking-wider text-slate-400"
      >
        Stats Key
      </h3>
      <div
        class="grid grid-cols-1 gap-x-6 gap-y-2 sm:grid-cols-2 lg:grid-cols-3"
      >
        <div
          class="flex items-center gap-2 text-sm"
        >
          <span
            class="inline-flex min-w-[3rem] justify-center rounded bg-rink-700 px-2 py-0.5 font-display font-bold text-ice"
          >
            GP
          </span>
          <span
            class="text-slate-400"
          >
            Games Played
          </span>
        </div>
        <div
          class="flex items-center gap-2 text-sm"
        >
          <span
            class="inline-flex min-w-[3rem] justify-center rounded bg-rink-700 px-2 py-0.5 font-display font-bold text-ice"
          >
            W
          </span>
          <span
            class="text-slate-400"
          >
            Wins
          </span>
        </div>
        <div
          class="flex items-center gap-2 text-sm"
        >
          <span
            class="inline-flex min-w-[3rem] justify-center rounded bg-rink-700 px-2 py-0.5 font-display font-bold text-ice"
          >
            L
          </span>
          <span
            class="text-slate-400"
          >
            Losses
          </span>
        </div>
        <div
          class="flex items-center gap-2 text-sm"
        >
          <span
            class="inline-flex min-w-[3rem] justify-center rounded bg-rink-700 px-2 py-0.5 font-display font-bold text-ice"
          >
            PTS
          </span>
          <span
            class="text-slate-400"
          >
            Points
          </span>
        </div>
        <div
          class="flex items-center gap-2 text-sm"
        >
          <span
            class="inline-flex min-w-[3rem] justify-center rounded bg-rink-700 px-2 py-0.5 font-display font-bold text-ice"
          >
            OT
          </span>
          <span
            class="text-slate-400"
          >
            Overtime Games
          </span>
        </div>
        <div
          class="flex items-center gap-2 text-sm"
        >
          <span
            class="inline-flex min-w-[3rem] justify-center rounded bg-rink-700 px-2 py-0.5 font-display font-bold text-ice"
          >
            GPG
          </span>
          <span
            class="text-slate-400"
          >
            Goals Per Game
          </span>
        </div>
        <div
          class="flex items-center gap-2 text-sm"
        >
          <span
            class="inline-flex min-w-[3rem] justify-center rounded bg-rink-700 px-2 py-0.5 font-display font-bold text-ice"
          >
            GAPG
          </span>
          <span
            class="text-slate-400"
          >
            Goals Against Per Game
          </span>
        </div>
        <div
          class="flex items-center gap-2 text-sm"
        >
          <span
            class="inline-flex min-w-[3rem] justify-center rounded bg-rink-700 px-2 py-0.5 font-display font-bold text-ice"
          >
            SV%
          </span>
          <span
            class="text-slate-400"
          >
            Save Percentage
          </span>
        </div>
        <div
          class="flex items-center gap-2 text-sm"
        >
          <span
            class="inline-flex min-w-[3rem] justify-center rounded bg-rink-700 px-2 py-0.5 font-display font-bold text-ice"
          >
            S
          </span>
          <span
            class="text-slate-400"
          >
            Shots
          </span>
        </div>
        <div
          class="flex items-center gap-2 text-sm"
        >
          <span
            class="inline-flex min-w-[3rem] justify-center rounded bg-rink-700 px-2 py-0.5 font-display font-bold text-ice"
          >
            SA
          </span>
          <span
            class="text-slate-400"
          >
            Shots Allowed
          </span>
        </div>
        <div
          class="flex items-center gap-2 text-sm"
        >
          <span
            class="inline-flex min-w-[3rem] justify-center rounded bg-rink-700 px-2 py-0.5 font-display font-bold text-ice"
          >
            S%
          </span>
          <span
            class="text-slate-400"
          >
            Shooting Percentage
          </span>
        </div>
        <div
          class="flex items-center gap-2 text-sm"
        >
          <span
            class="inline-flex min-w-[3rem] justify-center rounded bg-rink-700 px-2 py-0.5 font-display font-bold text-ice"
          >
            FOW%
          </span>
          <span
            class="text-slate-400"
          >
            Faceoff Win Percentage
          </span>
        </div>
      </div>
    </section>
  </div>
</DocumentFragment>
`;
