// Jest Snapshot v1, https://goo.gl/fbAQLP

exports[`StatsKeyList Component matches snapshot DOM node structure 1`] = `
<DocumentFragment>
  <div
    class="grid grid-cols-1 gap-x-6 gap-y-2 sm:grid-cols-2 lg:grid-cols-3"
  >
    <div
      class="flex items-center gap-2 text-sm"
    >
      <span
        class="inline-flex min-w-[3rem] justify-center rounded bg-rink-700 px-2 py-0.5 font-display font-bold text-ice"
      >
        GP
      </span>
      <span
        class="text-slate-400"
      >
        Games Played
      </span>
    </div>
    <div
      class="flex items-center gap-2 text-sm"
    >
      <span
        class="inline-flex min-w-[3rem] justify-center rounded bg-rink-700 px-2 py-0.5 font-display font-bold text-ice"
      >
        W
      </span>
      <span
        class="text-slate-400"
      >
        Wins
      </span>
    </div>
    <div
      class="flex items-center gap-2 text-sm"
    >
      <span
        class="inline-flex min-w-[3rem] justify-center rounded bg-rink-700 px-2 py-0.5 font-display font-bold text-ice"
      >
        L
      </span>
      <span
        class="text-slate-400"
      >
        Losses
      </span>
    </div>
    <div
      class="flex items-center gap-2 text-sm"
    >
      <span
        class="inline-flex min-w-[3rem] justify-center rounded bg-rink-700 px-2 py-0.5 font-display font-bold text-ice"
      >
        PTS
      </span>
      <span
        class="text-slate-400"
      >
        Points
      </span>
    </div>
    <div
      class="flex items-center gap-2 text-sm"
    >
      <span
        class="inline-flex min-w-[3rem] justify-center rounded bg-rink-700 px-2 py-0.5 font-display font-bold text-ice"
      >
        OT
      </span>
      <span
        class="text-slate-400"
      >
        Overtime Games
      </span>
    </div>
    <div
      class="flex items-center gap-2 text-sm"
    >
      <span
        class="inline-flex min-w-[3rem] justify-center rounded bg-rink-700 px-2 py-0.5 font-display font-bold text-ice"
      >
        GPG
      </span>
      <span
        class="text-slate-400"
      >
        Goals Per Game
      </span>
    </div>
    <div
      class="flex items-center gap-2 text-sm"
    >
      <span
        class="inline-flex min-w-[3rem] justify-center rounded bg-rink-700 px-2 py-0.5 font-display font-bold text-ice"
      >
        GAPG
      </span>
      <span
        class="text-slate-400"
      >
        Goals Against Per Game
      </span>
    </div>
    <div
      class="flex items-center gap-2 text-sm"
    >
      <span
        class="inline-flex min-w-[3rem] justify-center rounded bg-rink-700 px-2 py-0.5 font-display font-bold text-ice"
      >
        SV%
      </span>
      <span
        class="text-slate-400"
      >
        Save Percentage
      </span>
    </div>
    <div
      class="flex items-center gap-2 text-sm"
    >
      <span
        class="inline-flex min-w-[3rem] justify-center rounded bg-rink-700 px-2 py-0.5 font-display font-bold text-ice"
      >
        S
      </span>
      <span
        class="text-slate-400"
      >
        Shots
      </span>
    </div>
    <div
      class="flex items-center gap-2 text-sm"
    >
      <span
        class="inline-flex min-w-[3rem] justify-center rounded bg-rink-700 px-2 py-0.5 font-display font-bold text-ice"
      >
        SA
      </span>
      <span
        class="text-slate-400"
      >
        Shots Allowed
      </span>
    </div>
    <div
      class="flex items-center gap-2 text-sm"
    >
      <span
        class="inline-flex min-w-[3rem] justify-center rounded bg-rink-700 px-2 py-0.5 font-display font-bold text-ice"
      >
        S%
      </span>
      <span
        class="text-slate-400"
      >
        Shooting Percentage
      </span>
    </div>
    <div
      class="flex items-center gap-2 text-sm"
    >
      <span
        class="inline-flex min-w-[3rem] justify-center rounded bg-rink-700 px-2 py-0.5 font-display font-bold text-ice"
      >
        FOW%
      </span>
      <span
        class="text-slate-400"
      >
        Faceoff Win Percentage
      </span>
    </div>
  </div>
</DocumentFragment>
`;
