// Jest Snapshot v1, https://goo.gl/fbAQLP

exports[`Footer Component matches snapshot DOM node structure 1`] = `
<DocumentFragment>
  <footer
    class="mt-12 border-t border-rink-border"
  >
    <div
      class="container py-6 text-center text-sm text-slate-500"
    >
      <p>
        Made with 
        <span
          aria-label="heart"
          role="img"
        >
          ❤️
        </span>
         by Haile Thompson
      </p>
      <p
        class="mt-1 text-xs text-slate-600"
      >
        Data via the NHL public API. Not affiliated with the National Hockey League.
      </p>
    </div>
  </footer>
</DocumentFragment>
`;
